Script started on Wed Sep 25 11:52:44 2019
 bakaev@MacBook-Pro-bakaev  /app/otus/otus-linux/dz_07   master ?  vssh                                                                                                                                                                                ✔  5766  11:52:44
Last login: Tue Sep 24 16:41:28 2019 from 10.0.2.2
[vagrant@boot ~]$ sudo -s
[root@boot vagrant]# vgrename
  No command with matching syntax recognised.  Run 'vgrename --help' for more information.
[root@boot vagrant]# vgdisplay
  --- Volume group ---
  VG Name               VolGroup00
  System ID
  Format                lvm2
  Metadata Areas        1
  Metadata Sequence No  3
  VG Access             read/write
  VG Status             resizable
  MAX LV                0
  Cur LV                2
  Open LV               2
  Max PV                0
  Cur PV                1
  Act PV                1
  VG Size               <38.97 GiB
  PE Size               32.00 MiB
  Total PE              1247
  Alloc PE / Size       1247 / <38.97 GiB
  Free  PE / Size       0 / 0
  VG UUID               SA8LTU-F2yz-FEV1-RdgT-hw0Z-iRxh-yHFKuU

[root@boot vagrant]# vgrename VolGroup00 Otus
  Volume group "VolGroup00" successfully renamed to "Otus"
[root@boot vagrant]# vim /etc/fstab
bash: vim: command not found
[root@boot vagrant]# vi /etc/fstab
[root@boot vagrant]# vi /etc/grub
grub2.cfg  grub.d/
[root@boot vagrant]# vi /etc/default/grub
[root@boot vagrant]# vim /boot/grub2/
device.map  fonts/      grub.cfg    grubenv     i386-pc/    locale/
[root@boot vagrant]# vim /boot/grub2/grub.cfg
bash: vim: command not found
[root@boot vagrant]# vi /boot/grub2/grub.cfg
[root@boot vagrant]# mkinitrd -f -v /boot/initramfs-$(uname -r).img $(uname -r)
Executing: /sbin/dracut -f -v /boot/initramfs-3.10.0-862.2.3.el7.x86_64.img 3.10.0-862.2.3.el7.x86_64
dracut module 'busybox' will not be installed, because command 'busybox' could not be found!
dracut module 'crypt' will not be installed, because command 'cryptsetup' could not be found!
dracut module 'dmraid' will not be installed, because command 'dmraid' could not be found!
dracut module 'dmsquash-live-ntfs' will not be installed, because command 'ntfs-3g' could not be found!
dracut module 'mdraid' will not be installed, because command 'mdadm' could not be found!
dracut module 'multipath' will not be installed, because command 'multipath' could not be found!
dracut module 'busybox' will not be installed, because command 'busybox' could not be found!
dracut module 'crypt' will not be installed, because command 'cryptsetup' could not be found!
dracut module 'dmraid' will not be installed, because command 'dmraid' could not be found!
dracut module 'dmsquash-live-ntfs' will not be installed, because command 'ntfs-3g' could not be found!
dracut module 'mdraid' will not be installed, because command 'mdadm' could not be found!
dracut module 'multipath' will not be installed, because command 'multipath' could not be found!
*** Including module: bash ***
*** Including module: nss-softokn ***
*** Including module: i18n ***
*** Including module: drm ***
*** Including module: plymouth ***
*** Including module: dm ***
Skipping udev rule: 64-device-mapper.rules
Skipping udev rule: 60-persistent-storage-dm.rules
Skipping udev rule: 55-dm.rules
*** Including module: kernel-modules ***
Omitting driver floppy
*** Including module: lvm ***
Skipping udev rule: 64-device-mapper.rules
Skipping udev rule: 56-lvm.rules
Skipping udev rule: 60-persistent-storage-lvm.rules
*** Including module: qemu ***
*** Including module: resume ***
*** Including module: rootfs-block ***
*** Including module: terminfo ***
*** Including module: udev-rules ***
Skipping udev rule: 40-redhat-cpu-hotplug.rules
Skipping udev rule: 91-permissions.rules
*** Including module: biosdevname ***
*** Including module: systemd ***
*** Including module: usrmount ***
*** Including module: base ***
*** Including module: fs-lib ***
*** Including module: shutdown ***
*** Including modules done ***
*** Installing kernel module dependencies and firmware ***
*** Installing kernel module dependencies and firmware done ***
*** Resolving executable dependencies ***
*** Resolving executable dependencies done***
*** Hardlinking files ***
*** Hardlinking files done ***
*** Stripping files ***
*** Stripping files done ***
*** Generating early-microcode cpio image contents ***
*** No early-microcode cpio image needed ***
*** Store current command line parameters ***
*** Creating image file ***
*** Creating image file done ***
*** Creating initramfs image file '/boot/initramfs-3.10.0-862.2.3.el7.x86_64.img' done ***
[root@boot vagrant]# reboot
Connection to 127.0.0.1 closed by remote host.
Connection to 127.0.0.1 closed.
 bakaev@MacBook-Pro-bakaev  /app/otus/otus-linux/dz_07   master ?  vssh                                                                                                                                                                       SIG(127) ↵  5767  11:57:48
Last login: Wed Sep 25 08:52:50 2019 from 10.0.2.2
[vagrant@boot ~]$ sudo -s
[root@boot vagrant]# vgs
  VG   #PV #LV #SN Attr   VSize   VFree
  Otus   1   2   0 wz--n- <38.97g    0
[root@boot vagrant]# exit
exit
[vagrant@boot ~]$ exit
logout
Connection to 127.0.0.1 closed.
 bakaev@MacBook-Pro-bakaev  /app/otus/otus-linux/dz_07   master ?  exit                                                                                                                                                                                ✔  5767  11:59:39

Script done on Wed Sep 25 11:59:40 2019
